#
# There is insufficient memory for the Java Runtime Environment to continue.
# Native memory allocation (mmap) failed to map 20971520 bytes. Error detail: G1 virtual space
# Possible reasons:
#   The system is out of physical RAM or swap space
#   This process is running with CompressedOops enabled, and the Java Heap may be blocking the growth of the native heap
# Possible solutions:
#   Reduce memory load on the system
#   Increase physical memory or swap space
#   Check if swap backing store is full
#   Decrease Java heap size (-Xmx/-Xms)
#   Decrease number of Java threads
#   Decrease Java thread stack sizes (-Xss)
#   Set larger code cache with -XX:ReservedCodeCacheSize=
#   JVM is running with Zero Based Compressed Oops mode in which the Java heap is
#     placed in the first 32GB address space. The Java Heap base address is the
#     maximum limit for the native heap growth. Please use -XX:HeapBaseMinAddress
#     to set the Java Heap base and to place the Java Heap above 32GB virtual address.
# This output file may be truncated or incomplete.
#
#  Out of Memory Error (os_windows.cpp:3713), pid=11248, tid=20676
#
# JRE version: OpenJDK Runtime Environment Temurin-21.0.9+10 (21.0.9+10) (build 21.0.9+10-LTS)
# Java VM: OpenJDK 64-Bit Server VM Temurin-21.0.9+10 (21.0.9+10-LTS, mixed mode, tiered, compressed oops, compressed class ptrs, g1 gc, windows-amd64)
# No core dump will be written. Minidumps are not enabled by default on client versions of Windows
#

---------------  S U M M A R Y ------------

Command Line: -Djavax.net.ssl.trustStoreType=WINDOWS-ROOT -Dsun.java2d.d3d=false --add-exports=java.desktop/sun.awt=ALL-UNNAMED --add-opens=java.desktop/java.awt=ALL-UNNAMED -Dfile.encoding=UTF8 com.st.microxplorer.maingui.STM32CubeMX \\wsl.localhost\Ubuntu-24.04\home\gftgf\unmanned-drown\f01_flight\f01_flight.ioc

Host: 11th Gen Intel(R) Core(TM) i5-1155G7 @ 2.50GHz, 8 cores, 15G,  Windows 11 , 64 bit Build 22621 (10.0.22621.3958)
Time: Fri May 22 20:05:54 2026 elapsed time: 9.367833 seconds (0d 0h 0m 9s)

---------------  T H R E A D  ---------------

Current thread (0x0000028841eeb840):  VMThread "VM Thread"          [id=20676, stack(0x000000ad32100000,0x000000ad32200000) (1024K)]

Stack: [0x000000ad32100000,0x000000ad32200000]
Native frames: (J=compiled Java code, j=interpreted, Vv=VM code, C=native code)
V  [jvm.dll+0x6d6e29]
V  [jvm.dll+0x8b4b76]
V  [jvm.dll+0x8b712e]
V  [jvm.dll+0x8b7813]
V  [jvm.dll+0x283d86]
V  [jvm.dll+0x6d3745]
V  [jvm.dll+0x6c747a]
V  [jvm.dll+0x35e7e8]
V  [jvm.dll+0x366426]
V  [jvm.dll+0x3b73fe]
V  [jvm.dll+0x3b76a8]
V  [jvm.dll+0x3329ec]
V  [jvm.dll+0x335206]
V  [jvm.dll+0x33f1fd]
V  [jvm.dll+0x3748bf]
V  [jvm.dll+0x8bd500]
V  [jvm.dll+0x8be8a4]
V  [jvm.dll+0x8bede0]
V  [jvm.dll+0x8bf083]
V  [jvm.dll+0x85e9ad]
V  [jvm.dll+0x6d565d]
C  [ucrtbase.dll+0x29333]
C  [KERNEL32.DLL+0x1257d]
C  [ntdll.dll+0x5af08]

VM_Operation (0x000000ad31cff3c0): G1PauseRemark, mode: safepoint, requested by thread 0x0000028844340730


---------------  P R O C E S S  ---------------

Threads class SMR info:
_java_thread_list=0x0000028869f61e80, length=36, elements={
0x00000288642bf940, 0x000002886431e6d0, 0x0000028864311fe0, 0x0000028864312640,
0x0000028864313440, 0x000002886430d5f0, 0x000002886433bee0, 0x0000028864341c60,
0x00000288644f13a0, 0x00000288645000b0, 0x000002886911b800, 0x000002886911a470,
0x000002886911aad0, 0x0000028864cc72b0, 0x00000288692c9fe0, 0x0000028841f12920,
0x000002886b8bb0a0, 0x000002886bf10e90, 0x0000028869f4ccc0, 0x0000028869f4abf0,
0x000002886c22ace0, 0x000002886c22c720, 0x000002886c227ef0, 0x000002886c22a650,
0x000002886c22cdb0, 0x000002886c228580, 0x000002886c22dad0, 0x000002886c2271d0,
0x000002886c226b40, 0x000002886c227860, 0x000002886c228c10, 0x000002886c2292a0,
0x000002886c229930, 0x000002886c229fc0, 0x00000288643407f0, 0x000002886433e5e0
}

Java Threads: ( => current thread )
  0x00000288642bf940 JavaThread "Reference Handler"          daemon [_thread_blocked, id=23352, stack(0x000000ad32200000,0x000000ad32300000) (1024K)]
  0x000002886431e6d0 JavaThread "Finalizer"                  daemon [_thread_blocked, id=22128, stack(0x000000ad32300000,0x000000ad32400000) (1024K)]
  0x0000028864311fe0 JavaThread "Signal Dispatcher"          daemon [_thread_blocked, id=3896, stack(0x000000ad32400000,0x000000ad32500000) (1024K)]
  0x0000028864312640 JavaThread "Attach Listener"            daemon [_thread_blocked, id=20864, stack(0x000000ad32500000,0x000000ad32600000) (1024K)]
  0x0000028864313440 JavaThread "Service Thread"             daemon [_thread_blocked, id=25776, stack(0x000000ad32600000,0x000000ad32700000) (1024K)]
  0x000002886430d5f0 JavaThread "Monitor Deflation Thread"   daemon [_thread_blocked, id=23068, stack(0x000000ad32700000,0x000000ad32800000) (1024K)]
  0x000002886433bee0 JavaThread "C2 CompilerThread0"         daemon [_thread_blocked, id=20372, stack(0x000000ad32800000,0x000000ad32900000) (1024K)]
  0x0000028864341c60 JavaThread "C1 CompilerThread0"         daemon [_thread_blocked, id=22992, stack(0x000000ad32900000,0x000000ad32a00000) (1024K)]
  0x00000288644f13a0 JavaThread "Notification Thread"        daemon [_thread_blocked, id=20896, stack(0x000000ad32a00000,0x000000ad32b00000) (1024K)]
  0x00000288645000b0 JavaThread "Common-Cleaner"             daemon [_thread_blocked, id=20604, stack(0x000000ad32b00000,0x000000ad32c00000) (1024K)]
  0x000002886911b800 JavaThread "Java2D Disposer"            daemon [_thread_blocked, id=26008, stack(0x000000ad32d00000,0x000000ad32e00000) (1024K)]
  0x000002886911a470 JavaThread "AWT-Shutdown"                      [_thread_blocked, id=20848, stack(0x000000ad33600000,0x000000ad33700000) (1024K)]
  0x000002886911aad0 JavaThread "AWT-Windows"                daemon [_thread_blocked, id=22440, stack(0x000000ad33700000,0x000000ad33800000) (1024K)]
  0x0000028864cc72b0 JavaThread "AWT-EventQueue-0"                  [_thread_blocked, id=10208, stack(0x000000ad33800000,0x000000ad33900000) (1024K)]
  0x00000288692c9fe0 JavaThread "SplashThread"                      [_thread_blocked, id=20868, stack(0x000000ad33900000,0x000000ad33a00000) (1024K)]
  0x0000028841f12920 JavaThread "DestroyJavaVM"                     [_thread_blocked, id=21544, stack(0x000000ad31a00000,0x000000ad31b00000) (1024K)]
  0x000002886b8bb0a0 JavaThread "Thread-0"                          [_thread_in_native, id=24716, stack(0x000000ad33b00000,0x000000ad33c00000) (1024K)]
  0x000002886bf10e90 JavaThread "Image Fetcher 0"            daemon [_thread_blocked, id=24520, stack(0x000000ad33c00000,0x000000ad33d00000) (1024K)]
  0x0000028869f4ccc0 JavaThread "thirdparty-integrity-check"        [_thread_blocked, id=21280, stack(0x000000ad33d00000,0x000000ad33e00000) (1024K)]
  0x0000028869f4abf0 JavaThread "TimerQueue"                 daemon [_thread_blocked, id=21888, stack(0x000000ad32c00000,0x000000ad32d00000) (1024K)]
  0x000002886c22ace0 JavaThread "Keep-Alive-Timer"           daemon [_thread_blocked, id=20572, stack(0x000000ad34400000,0x000000ad34500000) (1024K)]
  0x000002886c22c720 JavaThread "Thread-2"                          [_thread_blocked, id=9972, stack(0x000000ad34000000,0x000000ad34100000) (1024K)]
  0x000002886c227ef0 JavaThread "IPC Server Thread"          daemon [_thread_in_native, id=23728, stack(0x000000ad34200000,0x000000ad34300000) (1024K)]
  0x000002886c22a650 JavaThread "Chromium Process Thread"           [_thread_in_native, id=3680, stack(0x000000ad34600000,0x000000ad34700000) (1024K)]
  0x000002886c22cdb0 JavaThread "Chromium Process Logger"    daemon [_thread_blocked, id=14232, stack(0x000000ad34800000,0x000000ad34900000) (1024K)]
  0x000002886c228580 JavaThread "IPC Memory Reader Thread"          [_thread_blocked, id=4304, stack(0x000000ad34900000,0x000000ad34a00000) (1024K)]
  0x000002886c22dad0 JavaThread "Browser Thread: c5941b47-bc0a-45d1-9e54-3a311584f652" daemon [_thread_blocked, id=25236, stack(0x000000ad34a00000,0x000000ad34b00000) (1024K)]
  0x000002886c2271d0 JavaThread "Socket Connection Checker: c5941b47-bc0a-45d1-9e54-3a311584f652"        [_thread_in_native, id=7632, stack(0x000000ad34b00000,0x000000ad34c00000) (1024K)]
  0x000002886c226b40 JavaThread "Network Thread: 9e273f2f-443a-4ea0-94d2-e9774b116a51" daemon [_thread_blocked, id=25880, stack(0x000000ad34e00000,0x000000ad34f00000) (1024K)]
  0x000002886c227860 JavaThread "IPC Memory Reader Thread"          [_thread_in_native, id=8620, stack(0x000000ad34d00000,0x000000ad34e00000) (1024K)]
  0x000002886c228c10 JavaThread "Socket Connection Checker: 9e273f2f-443a-4ea0-94d2-e9774b116a51"        [_thread_in_native, id=25040, stack(0x000000ad34f00000,0x000000ad35000000) (1024K)]
  0x000002886c2292a0 JavaThread "GPU Thread: 30880823-2739-47e5-be56-fd933fc76e1d" daemon [_thread_blocked, id=14604, stack(0x000000ad35200000,0x000000ad35300000) (1024K)]
  0x000002886c229930 JavaThread "IPC Memory Reader Thread"          [_thread_in_native, id=1636, stack(0x000000ad35100000,0x000000ad35200000) (1024K)]
  0x000002886c229fc0 JavaThread "Socket Connection Checker: 30880823-2739-47e5-be56-fd933fc76e1d"        [_thread_in_native, id=22668, stack(0x000000ad35300000,0x000000ad35400000) (1024K)]
  0x00000288643407f0 JavaThread "C2 CompilerThread1"         daemon [_thread_blocked, id=2080, stack(0x000000ad35400000,0x000000ad35500000) (1024K)]
  0x000002886433e5e0 JavaThread "C2 CompilerThread2"         daemon [_thread_blocked, id=19656, stack(0x000000ad35500000,0x000000ad35600000) (1024K)]
Total: 36

Other Threads:
=>0x0000028841eeb840 VMThread "VM Thread"                           [id=20676, stack(0x000000ad32100000,0x000000ad32200000) (1024K)]
  0x00000288641fed70 WatcherThread "VM Periodic Task Thread"        [id=22284, stack(0x000000ad32000000,0x000000ad32100000) (1024K)]
  0x0000028841eec6c0 WorkerThread "GC Thread#0"                     [id=5108, stack(0x000000ad31b00000,0x000000ad31c00000) (1024K)]
  0x00000288692edec0 WorkerThread "GC Thread#1"                     [id=10488, stack(0x000000ad32e00000,0x000000ad32f00000) (1024K)]
  0x00000288692ee9a0 WorkerThread "GC Thread#2"                     [id=16276, stack(0x000000ad32f00000,0x000000ad33000000) (1024K)]
  0x00000288692eba80 WorkerThread "GC Thread#3"                     [id=23012, stack(0x000000ad33000000,0x000000ad33100000) (1024K)]
  0x00000288692ed780 WorkerThread "GC Thread#4"                     [id=19932, stack(0x000000ad33100000,0x000000ad33200000) (1024K)]
  0x00000288692ed3e0 WorkerThread "GC Thread#5"                     [id=19208, stack(0x000000ad33200000,0x000000ad33300000) (1024K)]
  0x00000288692ec560 WorkerThread "GC Thread#6"                     [id=9532, stack(0x000000ad33300000,0x000000ad33400000) (1024K)]
  0x00000288692ed040 WorkerThread "GC Thread#7"                     [id=23380, stack(0x000000ad33400000,0x000000ad33500000) (1024K)]
  0x0000028844340730 ConcurrentGCThread "G1 Main Marker"            [id=5188, stack(0x000000ad31c00000,0x000000ad31d00000) (1024K)]
  0x0000028841eeb4a0 WorkerThread "G1 Conc#0"                       [id=5416, stack(0x000000ad31d00000,0x000000ad31e00000) (1024K)]
  0x00000288692eed40 WorkerThread "G1 Conc#1"                       [id=20156, stack(0x000000ad33500000,0x000000ad33600000) (1024K)]
  0x00000288640d0d90 ConcurrentGCThread "G1 Refine#0"               [id=23848, stack(0x000000ad31e00000,0x000000ad31f00000) (1024K)]
  0x00000288640d1420 ConcurrentGCThread "G1 Service"                [id=9584, stack(0x000000ad31f00000,0x000000ad32000000) (1024K)]
Total: 15

Threads with active compile tasks:
C2 CompilerThread0  9639 7161       4       java.lang.String::split (148 bytes)
C1 CompilerThread0  9642 7356       2       java.util.concurrent.atomic.AtomicInteger::incrementAndGet (14 bytes)
C2 CompilerThread1  9645 7134       4       java.util.regex.Pattern::compile (537 bytes)
C2 CompilerThread2  9648 7141       4       org.apache.xerces.impl.XMLDocumentFragmentScannerImpl::scanStartElement (316 bytes)
Total: 4

VM state: at safepoint (normal execution)

VM Mutex/Monitor currently owned by a thread:  ([mutex/lock_event])
[0x00007ffa32a2d570] Threads_lock - owner thread: 0x0000028841eeb840
[0x00007ffa32a2d670] Heap_lock - owner thread: 0x0000028844340730

Heap address: 0x0000000703600000, size: 4042 MB, Compressed Oops mode: Zero based, Oop shift amount: 3

CDS archive(s) not mapped
Compressed class space mapped at: 0x0000000800000000-0x0000000840000000, reserved size: 1073741824
Narrow klass base: 0x0000000800000000, Narrow klass shift: 0, Narrow klass range: 0x40000000

GC Precious Log:
 CardTable entry size: 512
 Card Set container configuration: InlinePtr #cards 4 size 8 Array Of Cards #cards 16 size 48 Howl #buckets 8 coarsen threshold 3686 Howl Bitmap #cards 512 size 80 coarsen threshold 460 Card regions per heap region 1 cards per card region 4096
 CPUs: 8 total, 8 available
 Memory: 16167M
 Large Page Support: Disabled
 NUMA Support: Disabled
 Compressed Oops: Enabled (Zero based)
 Heap Region Size: 2M
 Heap Min Capacity: 8M
 Heap Initial Capacity: 254M
 Heap Max Capacity: 4042M
 Pre-touch: Disabled
 Parallel Workers: 8
 Concurrent Workers: 2
 Concurrent Refinement Workers: 8
 Periodic GC: Disabled

Heap:
 garbage-first heap   total 141312K, used 95847K [0x0000000703600000, 0x0000000800000000)
  region size 2048K, 5 young (10240K), 3 survivors (6144K)
 Metaspace       used 80632K, committed 81728K, reserved 1179648K
  class space    used 9107K, committed 9600K, reserved 1048576K

Heap Regions: E=young(eden), S=young(survivor), O=old, HS=humongous(starts), HC=humongous(continues), CS=collection set, F=free, TAMS=top-at-mark-start, PB=parsable bottom
|   0|0x0000000703600000, 0x0000000703800000, 0x0000000703800000|100%|HS|  |TAMS 0x0000000703800000| PB 0x0000000703600000| Complete 
|   1|0x0000000703800000, 0x0000000703a00000, 0x0000000703a00000|100%|HC|  |TAMS 0x0000000703a00000| PB 0x0000000703800000| Complete 
|   2|0x0000000703a00000, 0x0000000703c00000, 0x0000000703c00000|100%|HC|  |TAMS 0x0000000703c00000| PB 0x0000000703a00000| Complete 
|   3|0x0000000703c00000, 0x0000000703e00000, 0x0000000703e00000|100%|HC|  |TAMS 0x0000000703e00000| PB 0x0000000703c00000| Complete 
|   4|0x0000000703e00000, 0x0000000704000000, 0x0000000704000000|100%| O|  |TAMS 0x0000000704000000| PB 0x0000000704000000| Updating 
|   5|0x0000000704000000, 0x0000000704200000, 0x0000000704200000|100%| O|  |TAMS 0x0000000704200000| PB 0x0000000704200000| Untracked 
|   6|0x0000000704200000, 0x0000000704400000, 0x0000000704400000|100%| O|  |TAMS 0x0000000704400000| PB 0x0000000704400000| Untracked 
|   7|0x0000000704400000, 0x0000000704600000, 0x0000000704600000|100%|HS|  |TAMS 0x0000000704600000| PB 0x0000000704400000| Complete 
|   8|0x0000000704600000, 0x0000000704800000, 0x0000000704800000|100%| O|  |TAMS 0x0000000704800000| PB 0x0000000704800000| Untracked 
|   9|0x0000000704800000, 0x0000000704a00000, 0x0000000704a00000|100%| O|  |TAMS 0x0000000704a00000| PB 0x0000000704a00000| Updating 
|  10|0x0000000704a00000, 0x0000000704c00000, 0x0000000704c00000|100%| O|  |TAMS 0x0000000704c00000| PB 0x0000000704c00000| Untracked 
|  11|0x0000000704c00000, 0x0000000704e00000, 0x0000000704e00000|100%| O|  |TAMS 0x0000000704e00000| PB 0x0000000704e00000| Untracked 
|  12|0x0000000704e00000, 0x0000000705000000, 0x0000000705000000|100%| O|  |TAMS 0x0000000705000000| PB 0x0000000705000000| Updating 
|  13|0x0000000705000000, 0x0000000705200000, 0x0000000705200000|100%| O|  |TAMS 0x0000000705200000| PB 0x0000000705200000| Untracked 
|  14|0x0000000705200000, 0x0000000705400000, 0x0000000705400000|100%| O|  |TAMS 0x0000000705400000| PB 0x0000000705400000| Untracked 
|  15|0x0000000705400000, 0x000000070546ec18, 0x0000000705600000| 21%| O|  |TAMS 0x000000070546ec18| PB 0x000000070546ec18| Updating 
|  16|0x0000000705600000, 0x0000000705800000, 0x0000000705800000|100%| O|  |TAMS 0x0000000705800000| PB 0x0000000705800000| Untracked 
|  17|0x0000000705800000, 0x0000000705a00000, 0x0000000705a00000|100%| O|  |TAMS 0x0000000705a00000| PB 0x0000000705a00000| Untracked 
|  18|0x0000000705a00000, 0x0000000705c00000, 0x0000000705c00000|100%| O|  |TAMS 0x0000000705c00000| PB 0x0000000705c00000| Untracked 
|  19|0x0000000705c00000, 0x0000000705e00000, 0x0000000705e00000|100%|HS|  |TAMS 0x0000000705e00000| PB 0x0000000705c00000| Complete 
|  20|0x0000000705e00000, 0x0000000706000000, 0x0000000706000000|100%| O|  |TAMS 0x0000000706000000| PB 0x0000000706000000| Updating 
|  21|0x0000000706000000, 0x0000000706200000, 0x0000000706200000|100%| O|  |TAMS 0x0000000706200000| PB 0x0000000706200000| Untracked 
|  22|0x0000000706200000, 0x0000000706400000, 0x0000000706400000|100%|HS|  |TAMS 0x0000000706400000| PB 0x0000000706200000| Complete 
|  23|0x0000000706400000, 0x0000000706400000, 0x0000000706600000|  0%| F|  |TAMS 0x0000000706400000| PB 0x0000000706400000| Untracked 
|  24|0x0000000706600000, 0x0000000706800000, 0x0000000706800000|100%|HS|  |TAMS 0x0000000706800000| PB 0x0000000706600000| Complete 
|  25|0x0000000706800000, 0x0000000706a00000, 0x0000000706a00000|100%|HC|  |TAMS 0x0000000706a00000| PB 0x0000000706800000| Complete 
|  26|0x0000000706a00000, 0x0000000706c00000, 0x0000000706c00000|100%|HS|  |TAMS 0x0000000706c00000| PB 0x0000000706a00000| Complete 
|  27|0x0000000706c00000, 0x0000000706e00000, 0x0000000706e00000|100%|HC|  |TAMS 0x0000000706e00000| PB 0x0000000706c00000| Complete 
|  28|0x0000000706e00000, 0x0000000707000000, 0x0000000707000000|100%|HS|  |TAMS 0x0000000707000000| PB 0x0000000706e00000| Complete 
|  29|0x0000000707000000, 0x0000000707200000, 0x0000000707200000|100%|HC|  |TAMS 0x0000000707200000| PB 0x0000000707000000| Complete 
|  30|0x0000000707200000, 0x0000000707400000, 0x0000000707400000|100%|HS|  |TAMS 0x0000000707400000| PB 0x0000000707200000| Complete 
|  31|0x0000000707400000, 0x0000000707600000, 0x0000000707600000|100%|HC|  |TAMS 0x0000000707600000| PB 0x0000000707400000| Complete 
|  32|0x0000000707600000, 0x0000000707800000, 0x0000000707800000|100%|HS|  |TAMS 0x0000000707800000| PB 0x0000000707600000| Complete 
|  33|0x0000000707800000, 0x0000000707a00000, 0x0000000707a00000|100%|HC|  |TAMS 0x0000000707a00000| PB 0x0000000707800000| Complete 
|  34|0x0000000707a00000, 0x0000000707c00000, 0x0000000707c00000|100%|HS|  |TAMS 0x0000000707c00000| PB 0x0000000707a00000| Complete 
|  35|0x0000000707c00000, 0x0000000707e00000, 0x0000000707e00000|100%|HC|  |TAMS 0x0000000707e00000| PB 0x0000000707c00000| Complete 
|  36|0x0000000707e00000, 0x0000000708000000, 0x0000000708000000|100%|HS|  |TAMS 0x0000000708000000| PB 0x0000000707e00000| Complete 
|  37|0x0000000708000000, 0x0000000708200000, 0x0000000708200000|100%|HC|  |TAMS 0x0000000708200000| PB 0x0000000708000000| Complete 
|  38|0x0000000708200000, 0x0000000708400000, 0x0000000708400000|100%|HS|  |TAMS 0x0000000708400000| PB 0x0000000708200000| Complete 
|  39|0x0000000708400000, 0x0000000708600000, 0x0000000708600000|100%|HC|  |TAMS 0x0000000708600000| PB 0x0000000708400000| Complete 
|  40|0x0000000708600000, 0x0000000708800000, 0x0000000708800000|100%|HS|  |TAMS 0x0000000708800000| PB 0x0000000708600000| Complete 
|  41|0x0000000708800000, 0x0000000708a00000, 0x0000000708a00000|100%|HC|  |TAMS 0x0000000708a00000| PB 0x0000000708800000| Complete 
|  42|0x0000000708a00000, 0x0000000708c00000, 0x0000000708c00000|100%|HS|  |TAMS 0x0000000708c00000| PB 0x0000000708a00000| Complete 
|  43|0x0000000708c00000, 0x0000000708e00000, 0x0000000708e00000|100%|HC|  |TAMS 0x0000000708e00000| PB 0x0000000708c00000| Complete 
|  44|0x0000000708e00000, 0x0000000708e00000, 0x0000000709000000|  0%| F|  |TAMS 0x0000000708e00000| PB 0x0000000708e00000| Untracked 
|  45|0x0000000709000000, 0x000000070912b188, 0x0000000709200000| 58%| S|CS|TAMS 0x0000000709000000| PB 0x0000000709000000| Complete 
|  46|0x0000000709200000, 0x0000000709200000, 0x0000000709400000|  0%| F|  |TAMS 0x0000000709200000| PB 0x0000000709200000| Untracked 
|  47|0x0000000709400000, 0x0000000709400000, 0x0000000709600000|  0%| F|  |TAMS 0x0000000709400000| PB 0x0000000709400000| Untracked 
|  48|0x0000000709600000, 0x0000000709800000, 0x0000000709800000|100%| S|CS|TAMS 0x0000000709600000| PB 0x0000000709600000| Complete 
|  49|0x0000000709800000, 0x0000000709a00000, 0x0000000709a00000|100%| S|CS|TAMS 0x0000000709800000| PB 0x0000000709800000| Complete 
|  50|0x0000000709a00000, 0x0000000709a00000, 0x0000000709c00000|  0%| F|  |TAMS 0x0000000709a00000| PB 0x0000000709a00000| Untracked 
|  51|0x0000000709c00000, 0x0000000709c00000, 0x0000000709e00000|  0%| F|  |TAMS 0x0000000709c00000| PB 0x0000000709c00000| Untracked 
|  52|0x0000000709e00000, 0x0000000709e00000, 0x000000070a000000|  0%| F|  |TAMS 0x0000000709e00000| PB 0x0000000709e00000| Untracked 
|  53|0x000000070a000000, 0x000000070a000000, 0x000000070a200000|  0%| F|  |TAMS 0x000000070a000000| PB 0x000000070a000000| Untracked 
|  54|0x000000070a200000, 0x000000070a200000, 0x000000070a400000|  0%| F|  |TAMS 0x000000070a200000| PB 0x000000070a200000| Untracked 
|  55|0x000000070a400000, 0x000000070a400000, 0x000000070a600000|  0%| F|  |TAMS 0x000000070a400000| PB 0x000000070a400000| Untracked 
|  56|0x000000070a600000, 0x000000070a600000, 0x000000070a800000|  0%| F|  |TAMS 0x000000070a600000| PB 0x000000070a600000| Untracked 
|  57|0x000000070a800000, 0x000000070a800000, 0x000000070aa00000|  0%| F|  |TAMS 0x000000070a800000| PB 0x000000070a800000| Untracked 
|  58|0x000000070aa00000, 0x000000070aa00000, 0x000000070ac00000|  0%| F|  |TAMS 0x000000070aa00000| PB 0x000000070aa00000| Untracked 
|  59|0x000000070ac00000, 0x000000070ac00000, 0x000000070ae00000|  0%| F|  |TAMS 0x000000070ac00000| PB 0x000000070ac00000| Untracked 
|  60|0x000000070ae00000, 0x000000070ae00000, 0x000000070b000000|  0%| F|  |TAMS 0x000000070ae00000| PB 0x000000070ae00000| Untracked 
|  61|0x000000070b000000, 0x000000070b000000, 0x000000070b200000|  0%| F|  |TAMS 0x000000070b000000| PB 0x000000070b000000| Untracked 
|  62|0x000000070b200000, 0x000000070b200000, 0x000000070b400000|  0%| F|  |TAMS 0x000000070b200000| PB 0x000000070b200000| Untracked 
|  63|0x000000070b400000, 0x000000070b400000, 0x000000070b600000|  0%| F|  |TAMS 0x000000070b400000| PB 0x000000070b400000| Untracked 
|  64|0x000000070b600000, 0x000000070b600000, 0x000000070b800000|  0%| F|  |TAMS 0x000000070b600000| PB 0x000000070b600000| Untracked 
|  65|0x000000070b800000, 0x000000070b800000, 0x000000070ba00000|  0%| F|  |TAMS 0x000000070b800000| PB 0x000000070b800000| Untracked 
| 122|0x0000000712a00000, 0x0000000712a3dc10, 0x0000000712c00000| 12%| E|  |TAMS 0x0000000712a00000| PB 0x0000000712a00000| Complete 
| 126|0x0000000713200000, 0x0000000713400000, 0x0000000713400000|100%| E|CS|TAMS 0x0000000713200000| PB 0x0000000713200000| Complete 
|2020|0x00000007ffe00000, 0x0000000800000000, 0x0000000800000000|100%| O|  |TAMS 0x0000000800000000| PB 0x0000000800000000| Untracked 

Card table byte_map: [0x000002885d0d0000,0x000002885d8c0000] _byte_map_base: 0x00000288598b5000

Marking Bits: (CMBitMap*) 0x0000028844330010
 Bits: [0x000002885d8c0000, 0x00000288617e8000)

Polling page: 0x0000028842200000

Metaspace:

Usage:
  Non-class:     69.85 MB used.
      Class:      8.89 MB used.
       Both:     78.74 MB used.

Virtual space:
  Non-class space:      128.00 MB reserved,      70.44 MB ( 55%) committed,  2 nodes.
      Class space:        1.00 GB reserved,       9.38 MB ( <1%) committed,  1 nodes.
             Both:        1.12 GB reserved,      79.81 MB (  7%) committed. 

Chunk freelists:
   Non-Class:  8.91 MB
       Class:  6.66 MB
        Both:  15.56 MB

MaxMetaspaceSize: unlimited
CompressedClassSpaceSize: 1.00 GB
Initial GC threshold: 21.00 MB
Current GC threshold: 112.12 MB
CDS: off
 - commit_granule_bytes: 65536.
 - commit_granule_words: 8192.
 - virtual_space_node_default_size: 8388608.
 - enlarge_chunks_in_place: 1.
 - use_allocation_guard: 0.


Internal statistics:

num_allocs_failed_limit: 9.
num_arena_births: 942.
num_arena_deaths: 0.
num_vsnodes_births: 3.
num_vsnodes_deaths: 0.
num_space_committed: 1277.
num_space_uncommitted: 0.
num_chunks_returned_to_freelist: 9.
num_chunks_taken_from_freelist: 3014.
num_chunk_merges: 3.
num_chunk_splits: 2053.
num_chunks_enlarged: 1381.
num_inconsistent_stats: 0.

CodeHeap 'non-profiled nmethods': size=120000Kb used=3411Kb max_used=3431Kb free=116588Kb
 bounds [0x0000028855070000, 0x00000288553d0000, 0x000002885c5a0000]
CodeHeap 'profiled nmethods': size=120000Kb used=12053Kb max_used=12096Kb free=107946Kb
 bounds [0x000002884d5a0000, 0x000002884e180000, 0x0000028854ad0000]
CodeHeap 'non-nmethods': size=5760Kb used=1999Kb max_used=2046Kb free=3760Kb
 bounds [0x0000028854ad0000, 0x0000028854d40000, 0x0000028855070000]
CodeCache: size=245760Kb, used=17463Kb, max_used=17573Kb, free=228294Kb
 total_blobs=7184, nmethods=6274, adapters=813, full_count=0
Compilation: enabled, stopped_count=0, restarted_count=0

Compilation events (20 events):
Event: 9.309 Thread 0x0000028864341c60 nmethod 7344 0x000002884e163490 code [0x000002884e1638c0, 0x000002884e164dc8]
Event: 9.309 Thread 0x0000028864341c60 7345       1       com.st.ipmodeconfigmanager.xmlManager.ipmode.RefParameter::getType (5 bytes)
Event: 9.309 Thread 0x0000028864341c60 nmethod 7345 0x00000288553c9610 code [0x00000288553c97a0, 0x00000288553c9870]
Event: 9.309 Thread 0x0000028864341c60 7346       1       com.st.ipmodeconfigmanager.xmlManager.ipmode.PossibleValue::setSemaphore (6 bytes)
Event: 9.309 Thread 0x0000028864341c60 nmethod 7346 0x00000288553c9910 code [0x00000288553c9aa0, 0x00000288553c9bb8]
Event: 9.309 Thread 0x0000028864341c60 7347   !   2       com.st.ipmodeconfigmanager.xml.MxPackages::addRefComponent (744 bytes)
Event: 9.317 Thread 0x0000028864341c60 nmethod 7347 0x000002884e165d90 code [0x000002884e1665e0, 0x000002884e1696e0]
Event: 9.322 Thread 0x0000028864341c60 7348       2       com.st.ipmodeconfigmanager.xml.FilterComponent::addRequires (12 bytes)
Event: 9.322 Thread 0x0000028864341c60 nmethod 7348 0x000002884e16c010 code [0x000002884e16c1c0, 0x000002884e16c300]
Event: 9.322 Thread 0x0000028864341c60 7349       2       com.st.ipmodeconfigmanager.engine.ConditionMgr::parseCondition (314 bytes)
Event: 9.324 Thread 0x0000028864341c60 nmethod 7349 0x000002884e16c390 code [0x000002884e16c6c0, 0x000002884e16d848]
Event: 9.332 Thread 0x0000028864341c60 7351       2       com.st.components.pdscmanager.xml.components.Component::setCVersion (31 bytes)
Event: 9.333 Thread 0x0000028864341c60 nmethod 7351 0x000002884e16e210 code [0x000002884e16e3e0, 0x000002884e16e6a8]
Event: 9.333 Thread 0x0000028864341c60 7352       2       com.st.components.pdscmanager.xml.utils.PdscXmlUtils::checkParamSpacesPattern (11 bytes)
Event: 9.333 Thread 0x0000028864341c60 nmethod 7352 0x000002884e16e810 code [0x000002884e16e9c0, 0x000002884e16eb08]
Event: 9.336 Thread 0x0000028864341c60 7353       2       com.st.ipmodeconfigmanager.engine.ConditionMgr::addComponentMapEntry (121 bytes)
Event: 9.337 Thread 0x0000028864341c60 nmethod 7353 0x000002884e16ec10 code [0x000002884e16ee80, 0x000002884e16f808]
Event: 9.340 Thread 0x0000028864341c60 7354       2       com.st.ipmodeconfigmanager.xmlManager.ipmode.PossibleValue::<init> (72 bytes)
Event: 9.341 Thread 0x0000028864341c60 nmethod 7354 0x000002884e16fa90 code [0x000002884e16fc80, 0x000002884e1701d8]
Event: 9.341 Thread 0x0000028864341c60 7356       2       java.util.concurrent.atomic.AtomicInteger::incrementAndGet (14 bytes)

GC Heap History (20 events):
Event: 5.208 GC heap before
{Heap before GC invocations=10 (full 0):
 garbage-first heap   total 65536K, used 52537K [0x0000000703600000, 0x0000000800000000)
  region size 2048K, 12 young (24576K), 2 survivors (4096K)
 Metaspace       used 59367K, committed 60352K, reserved 1114112K
  class space    used 6621K, committed 7104K, reserved 1048576K
}
Event: 5.211 GC heap after
{Heap after GC invocations=11 (full 0):
 garbage-first heap   total 65536K, used 37187K [0x0000000703600000, 0x0000000800000000)
  region size 2048K, 2 young (4096K), 2 survivors (4096K)
 Metaspace       used 59367K, committed 60352K, reserved 1114112K
  class space    used 6621K, committed 7104K, reserved 1048576K
}
Event: 5.553 GC heap before
{Heap before GC invocations=12 (full 0):
 garbage-first heap   total 69632K, used 55619K [0x0000000703600000, 0x0000000800000000)
  region size 2048K, 10 young (20480K), 2 survivors (4096K)
 Metaspace       used 60862K, committed 61824K, reserved 1114112K
  class space    used 6827K, committed 7232K, reserved 1048576K
}
Event: 5.556 GC heap after
{Heap after GC invocations=13 (full 0):
 garbage-first heap   total 69632K, used 40850K [0x0000000703600000, 0x0000000800000000)
  region size 2048K, 2 young (4096K), 2 survivors (4096K)
 Metaspace       used 60862K, committed 61824K, reserved 1114112K
  class space    used 6827K, committed 7232K, reserved 1048576K
}
Event: 5.925 GC heap before
{Heap before GC invocations=13 (full 0):
 garbage-first heap   total 69632K, used 55186K [0x0000000703600000, 0x0000000800000000)
  region size 2048K, 10 young (20480K), 2 survivors (4096K)
 Metaspace       used 63599K, committed 64640K, reserved 1114112K
  class space    used 7154K, committed 7616K, reserved 1048576K
}
Event: 5.930 GC heap after
{Heap after GC invocations=14 (full 0):
 garbage-first heap   total 69632K, used 43420K [0x0000000703600000, 0x0000000800000000)
  region size 2048K, 2 young (4096K), 2 survivors (4096K)
 Metaspace       used 63599K, committed 64640K, reserved 1114112K
  class space    used 7154K, committed 7616K, reserved 1048576K
}
Event: 6.479 GC heap before
{Heap before GC invocations=14 (full 0):
 garbage-first heap   total 69632K, used 57756K [0x0000000703600000, 0x0000000800000000)
  region size 2048K, 10 young (20480K), 2 survivors (4096K)
 Metaspace       used 67836K, committed 68864K, reserved 1114112K
  class space    used 7649K, committed 8064K, reserved 1048576K
}
Event: 6.482 GC heap after
{Heap after GC invocations=15 (full 0):
 garbage-first heap   total 69632K, used 45964K [0x0000000703600000, 0x0000000800000000)
  region size 2048K, 2 young (4096K), 2 survivors (4096K)
 Metaspace       used 67836K, committed 68864K, reserved 1114112K
  class space    used 7649K, committed 8064K, reserved 1048576K
}
Event: 6.561 GC heap before
{Heap before GC invocations=16 (full 0):
 garbage-first heap   total 92160K, used 76684K [0x0000000703600000, 0x0000000800000000)
  region size 2048K, 8 young (16384K), 2 survivors (4096K)
 Metaspace       used 67843K, committed 68864K, reserved 1114112K
  class space    used 7649K, committed 8064K, reserved 1048576K
}
Event: 6.562 GC heap after
{Heap after GC invocations=17 (full 0):
 garbage-first heap   total 92160K, used 64694K [0x0000000703600000, 0x0000000800000000)
  region size 2048K, 1 young (2048K), 1 survivors (2048K)
 Metaspace       used 67843K, committed 68864K, reserved 1114112K
  class space    used 7649K, committed 8064K, reserved 1048576K
}
Event: 7.210 GC heap before
{Heap before GC invocations=17 (full 0):
 garbage-first heap   total 92160K, used 87222K [0x0000000703600000, 0x0000000800000000)
  region size 2048K, 7 young (14336K), 1 survivors (2048K)
 Metaspace       used 67895K, committed 68928K, reserved 1114112K
  class space    used 7656K, committed 8128K, reserved 1048576K
}
Event: 7.211 GC heap after
{Heap after GC invocations=18 (full 0):
 garbage-first heap   total 96256K, used 77166K [0x0000000703600000, 0x0000000800000000)
  region size 2048K, 1 young (2048K), 1 survivors (2048K)
 Metaspace       used 67895K, committed 68928K, reserved 1114112K
  class space    used 7656K, committed 8128K, reserved 1048576K
}
Event: 7.243 GC heap before
{Heap before GC invocations=18 (full 0):
 garbage-first heap   total 96256K, used 77166K [0x0000000703600000, 0x0000000800000000)
  region size 2048K, 2 young (4096K), 1 survivors (2048K)
 Metaspace       used 67895K, committed 68928K, reserved 1114112K
  class space    used 7656K, committed 8128K, reserved 1048576K
}
Event: 7.244 GC heap after
{Heap after GC invocations=19 (full 0):
 garbage-first heap   total 96256K, used 77115K [0x0000000703600000, 0x0000000800000000)
  region size 2048K, 1 young (2048K), 1 survivors (2048K)
 Metaspace       used 67895K, committed 68928K, reserved 1114112K
  class space    used 7656K, committed 8128K, reserved 1048576K
}
Event: 7.400 GC heap before
{Heap before GC invocations=20 (full 0):
 garbage-first heap   total 141312K, used 97595K [0x0000000703600000, 0x0000000800000000)
  region size 2048K, 5 young (10240K), 1 survivors (2048K)
 Metaspace       used 67896K, committed 68928K, reserved 1114112K
  class space    used 7656K, committed 8128K, reserved 1048576K
}
Event: 7.401 GC heap after
{Heap after GC invocations=21 (full 0):
 garbage-first heap   total 141312K, used 89404K [0x0000000703600000, 0x0000000800000000)
  region size 2048K, 1 young (2048K), 1 survivors (2048K)
 Metaspace       used 67896K, committed 68928K, reserved 1114112K
  class space    used 7656K, committed 8128K, reserved 1048576K
}
Event: 8.839 GC heap before
{Heap before GC invocations=21 (full 0):
 garbage-first heap   total 141312K, used 126268K [0x0000000703600000, 0x0000000800000000)
  region size 2048K, 20 young (40960K), 1 survivors (2048K)
 Metaspace       used 76693K, committed 77760K, reserved 1179648K
  class space    used 8679K, committed 9152K, reserved 1048576K
}
Event: 8.846 GC heap after
{Heap after GC invocations=22 (full 0):
 garbage-first heap   total 141312K, used 91601K [0x0000000703600000, 0x0000000800000000)
  region size 2048K, 2 young (4096K), 2 survivors (4096K)
 Metaspace       used 76693K, committed 77760K, reserved 1179648K
  class space    used 8679K, committed 9152K, reserved 1048576K
}
Event: 9.296 GC heap before
{Heap before GC invocations=22 (full 0):
 garbage-first heap   total 141312K, used 126417K [0x0000000703600000, 0x0000000800000000)
  region size 2048K, 20 young (40960K), 2 survivors (4096K)
 Metaspace       used 80601K, committed 81664K, reserved 1179648K
  class space    used 9107K, committed 9600K, reserved 1048576K
}
Event: 9.301 GC heap after
{Heap after GC invocations=23 (full 0):
 garbage-first heap   total 141312K, used 93799K [0x0000000703600000, 0x0000000800000000)
  region size 2048K, 3 young (6144K), 3 survivors (6144K)
 Metaspace       used 80601K, committed 81664K, reserved 1179648K
  class space    used 9107K, committed 9600K, reserved 1048576K
}

Dll operation events (19 events):
Event: 0.007 Loaded shared library C:\stm\jre\bin\java.dll
Event: 0.056 Loaded shared library C:\stm\jre\bin\jsvml.dll
Event: 0.107 Loaded shared library C:\stm\jre\bin\net.dll
Event: 0.108 Loaded shared library C:\stm\jre\bin\nio.dll
Event: 0.136 Loaded shared library C:\stm\jre\bin\zip.dll
Event: 0.165 Loaded shared library C:\stm\jre\bin\jimage.dll
Event: 0.317 Loaded shared library C:\stm\jre\bin\management.dll
Event: 0.322 Loaded shared library C:\stm\jre\bin\management_ext.dll
Event: 0.869 Loaded shared library C:\stm\jre\bin\awt.dll
Event: 1.133 Loaded shared library C:\stm\jre\bin\freetype.dll
Event: 1.134 Loaded shared library C:\stm\jre\bin\fontmanager.dll
Event: 1.300 Loaded shared library C:\stm\jre\bin\verify.dll
Event: 1.412 Loaded shared library C:\stm\jre\bin\prefs.dll
Event: 1.514 Loaded shared library C:\Users\ºî¾üÇÙ\AppData\Local\Temp\jna-20280808\jna7077338965207686914.dll
Event: 5.710 Loaded shared library C:\stm\jre\bin\sunmscapi.dll
Event: 6.035 Loaded shared library C:\stm\jre\bin\extnet.dll
Event: 6.477 Loaded shared library C:\stm\jre\bin\javajpeg.dll
Event: 8.105 Loaded shared library C:\Users\ºî¾üÇÙ\.stm32cubemx\.jxbrowser-8.15.0\Chromium\toolkit64.dll
Event: 8.267 Loaded shared library C:\Users\ºî¾üÇÙ\.stm32cubemx\.jxbrowser-8.15.0\Chromium\ipc64.dll

Deoptimization events (20 events):
Event: 9.245 Thread 0x0000028869f4ccc0 DEOPT PACKING pc=0x000002884e13de3e sp=0x000000ad33dfe620
Event: 9.245 Thread 0x0000028869f4ccc0 DEOPT UNPACKING pc=0x0000028854b286e2 sp=0x000000ad33dfdac0 mode 0
Event: 9.246 Thread 0x0000028869f4ccc0 DEOPT PACKING pc=0x000002884e13de3e sp=0x000000ad33dfe7f0
Event: 9.246 Thread 0x0000028869f4ccc0 DEOPT UNPACKING pc=0x0000028854b286e2 sp=0x000000ad33dfdc90 mode 0
Event: 9.246 Thread 0x0000028869f4ccc0 DEOPT PACKING pc=0x000002884e13de3e sp=0x000000ad33dfe7f0
Event: 9.246 Thread 0x0000028869f4ccc0 DEOPT UNPACKING pc=0x0000028854b286e2 sp=0x000000ad33dfdc90 mode 0
Event: 9.271 Thread 0x0000028869f4ccc0 DEOPT PACKING pc=0x000002884e13de3e sp=0x000000ad33dfe7f0
Event: 9.271 Thread 0x0000028869f4ccc0 DEOPT UNPACKING pc=0x0000028854b286e2 sp=0x000000ad33dfdc90 mode 0
Event: 9.271 Thread 0x0000028869f4ccc0 DEOPT PACKING pc=0x000002884e13de3e sp=0x000000ad33dfe620
Event: 9.271 Thread 0x0000028869f4ccc0 DEOPT UNPACKING pc=0x0000028854b286e2 sp=0x000000ad33dfdac0 mode 0
Event: 9.271 Thread 0x0000028869f4ccc0 DEOPT PACKING pc=0x000002884e13de3e sp=0x000000ad33dfe620
Event: 9.271 Thread 0x0000028869f4ccc0 DEOPT UNPACKING pc=0x0000028854b286e2 sp=0x000000ad33dfdac0 mode 0
Event: 9.286 Thread 0x0000028869f4ccc0 DEOPT PACKING pc=0x000002884e13de3e sp=0x000000ad33dfe620
Event: 9.286 Thread 0x0000028869f4ccc0 DEOPT UNPACKING pc=0x0000028854b286e2 sp=0x000000ad33dfdac0 mode 0
Event: 9.287 Thread 0x0000028869f4ccc0 DEOPT PACKING pc=0x000002884e13de3e sp=0x000000ad33dfe620
Event: 9.287 Thread 0x0000028869f4ccc0 DEOPT UNPACKING pc=0x0000028854b286e2 sp=0x000000ad33dfdac0 mode 0
Event: 9.287 Thread 0x0000028869f4ccc0 DEOPT PACKING pc=0x000002884e13de3e sp=0x000000ad33dfe7c0
Event: 9.287 Thread 0x0000028869f4ccc0 DEOPT UNPACKING pc=0x0000028854b286e2 sp=0x000000ad33dfdc60 mode 0
Event: 9.331 Thread 0x0000028869f4ccc0 DEOPT PACKING pc=0x000002884e13de3e sp=0x000000ad33dfe710
Event: 9.331 Thread 0x0000028869f4ccc0 DEOPT UNPACKING pc=0x0000028854b286e2 sp=0x000000ad33dfdbb0 mode 0

Classes loaded (20 events):
Event: 8.727 Loading class java/util/AbstractList$RandomAccessSubList
Event: 8.727 Loading class java/util/AbstractList$SubList
Event: 8.727 Loading class java/util/AbstractList$SubList done
Event: 8.727 Loading class java/util/AbstractList$RandomAccessSubList done
Event: 8.903 Loading class java/util/concurrent/RejectedExecutionException
Event: 8.903 Loading class java/util/concurrent/RejectedExecutionException done
Event: 8.904 Loading class java/util/concurrent/Executors$AutoShutdownDelegatedExecutorService
Event: 8.904 Loading class java/util/concurrent/Executors$DelegatedExecutorService
Event: 8.904 Loading class java/util/concurrent/Executors$DelegatedExecutorService done
Event: 8.904 Loading class java/util/concurrent/Executors$AutoShutdownDelegatedExecutorService done
Event: 8.944 Loading class java/io/ObjectOutputStream$BlockDataOutputStream
Event: 8.944 Loading class java/io/ObjectOutputStream$BlockDataOutputStream done
Event: 8.945 Loading class java/io/ObjectOutputStream$HandleTable
Event: 8.945 Loading class java/io/ObjectOutputStream$HandleTable done
Event: 8.945 Loading class java/io/ObjectOutputStream$ReplaceTable
Event: 8.945 Loading class java/io/ObjectOutputStream$ReplaceTable done
Event: 8.984 Loading class sun/net/www/protocol/http/HttpURLConnection$10
Event: 8.984 Loading class sun/net/www/protocol/http/HttpURLConnection$10 done
Event: 9.000 Loading class java/util/zip/CheckedInputStream
Event: 9.000 Loading class java/util/zip/CheckedInputStream done

Classes unloaded (0 events):
No events

Classes redefined (0 events):
No events

Internal exceptions (20 events):
Event: 9.232 Thread 0x0000028869f4ccc0 Exception <a 'java/lang/ArrayIndexOutOfBoundsException'{0x000000070a39ff70}> (0x000000070a39ff70) 
thrown [s\src\hotspot\share\runtime\sharedRuntime.cpp, line 625]
Event: 9.232 Thread 0x0000028869f4ccc0 Exception <a 'java/lang/ArrayIndexOutOfBoundsException'{0x000000070a3a0458}> (0x000000070a3a0458) 
thrown [s\src\hotspot\share\runtime\sharedRuntime.cpp, line 625]
Event: 9.237 Thread 0x0000028869f4ccc0 Exception <a 'java/io/IOException'{0x000000070a02a400}> (0x000000070a02a400) 
thrown [s\src\hotspot\share\prims\jni.cpp, line 520]
Event: 9.237 Thread 0x0000028869f4ccc0 Exception <a 'java/io/IOException'{0x000000070a02a9c0}> (0x000000070a02a9c0) 
thrown [s\src\hotspot\share\prims\jni.cpp, line 520]
Event: 9.248 Thread 0x0000028869f4ccc0 Exception <a 'java/lang/ArrayIndexOutOfBoundsException'{0x000000070a145898}> (0x000000070a145898) 
thrown [s\src\hotspot\share\runtime\sharedRuntime.cpp, line 625]
Event: 9.248 Thread 0x0000028869f4ccc0 Exception <a 'java/lang/ArrayIndexOutOfBoundsException'{0x000000070a145d60}> (0x000000070a145d60) 
thrown [s\src\hotspot\share\runtime\sharedRuntime.cpp, line 625]
Event: 9.256 Thread 0x0000028869f4ccc0 Exception <a 'java/io/IOException'{0x0000000709e94d48}> (0x0000000709e94d48) 
thrown [s\src\hotspot\share\prims\jni.cpp, line 520]
Event: 9.256 Thread 0x0000028869f4ccc0 Exception <a 'java/io/IOException'{0x0000000709e95308}> (0x0000000709e95308) 
thrown [s\src\hotspot\share\prims\jni.cpp, line 520]
Event: 9.274 Thread 0x0000028869f4ccc0 Exception <a 'java/lang/ArrayIndexOutOfBoundsException'{0x0000000709ce3d20}> (0x0000000709ce3d20) 
thrown [s\src\hotspot\share\runtime\sharedRuntime.cpp, line 625]
Event: 9.274 Thread 0x0000028869f4ccc0 Exception <a 'java/lang/ArrayIndexOutOfBoundsException'{0x0000000709ce41e8}> (0x0000000709ce41e8) 
thrown [s\src\hotspot\share\runtime\sharedRuntime.cpp, line 625]
Event: 9.281 Thread 0x0000028869f4ccc0 Exception <a 'java/io/IOException'{0x0000000709db5328}> (0x0000000709db5328) 
thrown [s\src\hotspot\share\prims\jni.cpp, line 520]
Event: 9.281 Thread 0x0000028869f4ccc0 Exception <a 'java/io/IOException'{0x0000000709db58e8}> (0x0000000709db58e8) 
thrown [s\src\hotspot\share\prims\jni.cpp, line 520]
Event: 9.289 Thread 0x0000028869f4ccc0 Exception <a 'java/lang/ArrayIndexOutOfBoundsException'{0x0000000709ade500}> (0x0000000709ade500) 
thrown [s\src\hotspot\share\runtime\sharedRuntime.cpp, line 625]
Event: 9.289 Thread 0x0000028869f4ccc0 Exception <a 'java/lang/ArrayIndexOutOfBoundsException'{0x0000000709ade9c8}> (0x0000000709ade9c8) 
thrown [s\src\hotspot\share\runtime\sharedRuntime.cpp, line 625]
Event: 9.319 Thread 0x0000028869f4ccc0 Exception <a 'java/io/IOException'{0x0000000713282e40}> (0x0000000713282e40) 
thrown [s\src\hotspot\share\prims\jni.cpp, line 520]
Event: 9.319 Thread 0x0000028869f4ccc0 Exception <a 'java/io/IOException'{0x0000000713283400}> (0x0000000713283400) 
thrown [s\src\hotspot\share\prims\jni.cpp, line 520]
Event: 9.334 Thread 0x0000028869f4ccc0 Exception <a 'java/lang/ArrayIndexOutOfBoundsException'{0x0000000713391d40}> (0x0000000713391d40) 
thrown [s\src\hotspot\share\runtime\sharedRuntime.cpp, line 625]
Event: 9.334 Thread 0x0000028869f4ccc0 Exception <a 'java/lang/ArrayIndexOutOfBoundsException'{0x0000000713392208}> (0x0000000713392208) 
thrown [s\src\hotspot\share\runtime\sharedRuntime.cpp, line 625]
Event: 9.341 Thread 0x0000028869f4ccc0 Exception <a 'java/io/IOException'{0x0000000712a2f4d0}> (0x0000000712a2f4d0) 
thrown [s\src\hotspot\share\prims\jni.cpp, line 520]
Event: 9.341 Thread 0x0000028869f4ccc0 Exception <a 'java/io/IOException'{0x0000000712a2fa90}> (0x0000000712a2fa90) 
thrown [s\src\hotspot\share\prims\jni.cpp, line 520]

ZGC Phase Switch (0 events):
No events

VM Operations (20 events):
Event: 6.562 Executing VM operation: G1CollectForAllocation (G1 Evacuation Pause) done
Event: 7.210 Executing VM operation: G1CollectForAllocation (G1 Evacuation Pause)
Event: 7.211 Executing VM operation: G1CollectForAllocation (G1 Evacuation Pause) done
Event: 7.243 Executing VM operation: G1TryInitiateConcMark (G1 Humongous Allocation)
Event: 7.244 Executing VM operation: G1TryInitiateConcMark (G1 Humongous Allocation) done
Event: 7.273 Executing VM operation: G1PauseRemark
Event: 7.276 Executing VM operation: G1PauseRemark done
Event: 7.286 Executing VM operation: G1PauseCleanup
Event: 7.286 Executing VM operation: G1PauseCleanup done
Event: 7.400 Executing VM operation: G1CollectForAllocation (G1 Evacuation Pause)
Event: 7.401 Executing VM operation: G1CollectForAllocation (G1 Evacuation Pause) done
Event: 8.044 Executing VM operation: ICBufferFull
Event: 8.045 Executing VM operation: ICBufferFull done
Event: 8.133 Executing VM operation: HandshakeAllThreads (Deoptimize)
Event: 8.133 Executing VM operation: HandshakeAllThreads (Deoptimize) done
Event: 8.839 Executing VM operation: G1CollectForAllocation (G1 Evacuation Pause)
Event: 8.846 Executing VM operation: G1CollectForAllocation (G1 Evacuation Pause) done
Event: 9.295 Executing VM operation: G1CollectForAllocation (G1 Evacuation Pause)
Event: 9.301 Executing VM operation: G1CollectForAllocation (G1 Evacuation Pause) done
Event: 9.341 Executing VM operation: G1PauseRemark

Memory protections (0 events):
No events

Nmethod flushes (20 events):
Event: 9.345 Thread 0x0000028841eeb840 flushing  nmethod 0x000002884d5bfb10
Event: 9.345 Thread 0x0000028841eeb840 flushing  nmethod 0x000002884dff1a10
Event: 9.345 Thread 0x0000028841eeb840 flushing  nmethod 0x000002884dff2310
Event: 9.345 Thread 0x0000028841eeb840 flushing  nmethod 0x000002884dff2910
Event: 9.345 Thread 0x0000028841eeb840 flushing  nmethod 0x000002885531b290
Event: 9.345 Thread 0x0000028841eeb840 flushing  nmethod 0x000002884da68a90
Event: 9.345 Thread 0x0000028841eeb840 flushing  nmethod 0x00000288550d4d90
Event: 9.345 Thread 0x0000028841eeb840 flushing  nmethod 0x000002884d63df10
Event: 9.345 Thread 0x0000028841eeb840 flushing osr nmethod 0x000002884d7b5910
Event: 9.345 Thread 0x0000028841eeb840 flushing  nmethod 0x000002884da58c90
Event: 9.345 Thread 0x0000028841eeb840 flushing osr nmethod 0x000002884d76df10
Event: 9.345 Thread 0x0000028841eeb840 flushing osr nmethod 0x000002884d7f4310
Event: 9.345 Thread 0x0000028841eeb840 flushing  nmethod 0x000002884d860b90
Event: 9.345 Thread 0x0000028841eeb840 flushing  nmethod 0x000002884d871890
Event: 9.345 Thread 0x0000028841eeb840 flushing  nmethod 0x000002884d988210
Event: 9.345 Thread 0x0000028841eeb840 flushing  nmethod 0x000002884dfc4690
Event: 9.345 Thread 0x0000028841eeb840 flushing  nmethod 0x000002884dfc6790
Event: 9.345 Thread 0x0000028841eeb840 flushing  nmethod 0x000002884e009890
Event: 9.345 Thread 0x0000028841eeb840 flushing  nmethod 0x000002884d8d9390
Event: 9.345 Thread 0x0000028841eeb840 flushing  nmethod 0x000002884d98dd10

Events (20 events):
Event: 7.918 Thread 0x0000028869f4b280 Thread exited: 0x0000028869f4b280
Event: 8.095 Thread 0x000002886c22c720 Thread added: 0x000002886c227ef0
Event: 8.100 Thread 0x000002886c22c720 Thread added: 0x000002886c22a650
Event: 8.135 Thread 0x000002886c22a650 Thread added: 0x000002886c22cdb0
Event: 8.264 Thread 0x000002886433ecb0 Thread exited: 0x000002886433ecb0
Event: 8.267 Thread 0x000002886c228580 Thread added: 0x000002886c228580
Event: 8.269 Thread 0x000002886c227ef0 Thread added: 0x000002886c22dad0
Event: 8.276 Thread 0x000002886c227ef0 Thread added: 0x000002886c2271d0
Event: 8.547 Thread 0x000002886b8bb0a0 Thread added: 0x000002886c226b40
Event: 8.548 Thread 0x000002886c226b40 Thread exited: 0x000002886c226b40
Event: 8.557 Thread 0x000002886c227ef0 Thread added: 0x000002886c226b40
Event: 8.557 Thread 0x000002886c227860 Thread added: 0x000002886c227860
Event: 8.557 Thread 0x000002886c227ef0 Thread added: 0x000002886c228c10
Event: 8.623 Thread 0x000002886c227ef0 Thread added: 0x000002886c2292a0
Event: 8.623 Thread 0x000002886c229930 Thread added: 0x000002886c229930
Event: 8.624 Thread 0x000002886c227ef0 Thread added: 0x000002886c229fc0
Event: 8.673 Thread 0x0000028864341c60 Thread added: 0x00000288643407f0
Event: 8.918 Thread 0x0000028864341c60 Thread added: 0x000002886433e5e0
Event: 9.068 Thread 0x000002886b8bb0a0 Thread added: 0x000002886c2264b0
Event: 9.069 Thread 0x000002886c2264b0 Thread exited: 0x000002886c2264b0


Dynamic libraries:
0x00007ff6f6af0000 - 0x00007ff6f6afe000 	C:\stm\jre\bin\javaw.exe
0x00007ffab78f0000 - 0x00007ffab7b07000 	C:\Windows\SYSTEM32\ntdll.dll
0x00007ffab7550000 - 0x00007ffab7614000 	C:\Windows\System32\KERNEL32.DLL
0x00007ffab4c70000 - 0x00007ffab5027000 	C:\Windows\System32\KERNELBASE.dll
0x00007ffab50e0000 - 0x00007ffab51f1000 	C:\Windows\System32\ucrtbase.dll
0x00007ffa976b0000 - 0x00007ffa976c8000 	C:\stm\jre\bin\jli.dll
0x00007ffab0f20000 - 0x00007ffab0f3e000 	C:\stm\jre\bin\VCRUNTIME140.dll
0x00007ffab6320000 - 0x00007ffab64cf000 	C:\Windows\System32\USER32.dll
0x00007ffaa0490000 - 0x00007ffaa0723000 	C:\Windows\WinSxS\amd64_microsoft.windows.common-controls_6595b64144ccf1df_6.0.22621.3672_none_2713b9d173822955\COMCTL32.dll
0x00007ffab53c0000 - 0x00007ffab53e6000 	C:\Windows\System32\win32u.dll
0x00007ffab69b0000 - 0x00007ffab6a57000 	C:\Windows\System32\msvcrt.dll
0x00007ffab7630000 - 0x00007ffab7659000 	C:\Windows\System32\GDI32.dll
0x00007ffab52a0000 - 0x00007ffab53b8000 	C:\Windows\System32\gdi32full.dll
0x00007ffab5200000 - 0x00007ffab529a000 	C:\Windows\System32\msvcp_win.dll
0x00007ffab7180000 - 0x00007ffab71b1000 	C:\Windows\System32\IMM32.DLL
0x00007ffa9acb0000 - 0x00007ffa9acbc000 	C:\stm\jre\bin\vcruntime140_1.dll
0x00007ffa47940000 - 0x00007ffa479cd000 	C:\stm\jre\bin\msvcp140.dll
0x00007ffa31d70000 - 0x00007ffa32b10000 	C:\stm\jre\bin\server\jvm.dll
0x00007ffab77f0000 - 0x00007ffab78a2000 	C:\Windows\System32\ADVAPI32.dll
0x00007ffab5f10000 - 0x00007ffab5fb8000 	C:\Windows\System32\sechost.dll
0x00007ffab50b0000 - 0x00007ffab50d8000 	C:\Windows\System32\bcrypt.dll
0x00007ffab76d0000 - 0x00007ffab77e4000 	C:\Windows\System32\RPCRT4.dll
0x00007ffab6740000 - 0x00007ffab67b1000 	C:\Windows\System32\WS2_32.dll
0x00007ffab4920000 - 0x00007ffab496d000 	C:\Windows\SYSTEM32\POWRPROF.dll
0x00007ffab0960000 - 0x00007ffab0994000 	C:\Windows\SYSTEM32\WINMM.dll
0x00007ffab0310000 - 0x00007ffab031a000 	C:\Windows\SYSTEM32\VERSION.dll
0x00007ffab4900000 - 0x00007ffab4913000 	C:\Windows\SYSTEM32\UMPDC.dll
0x00007ffab3c30000 - 0x00007ffab3c48000 	C:\Windows\SYSTEM32\kernel.appcore.dll
0x00007ffa9a100000 - 0x00007ffa9a10a000 	C:\stm\jre\bin\jimage.dll
0x00007ffaa1940000 - 0x00007ffaa1b72000 	C:\Windows\SYSTEM32\DBGHELP.DLL
0x00007ffab71c0000 - 0x00007ffab754e000 	C:\Windows\System32\combase.dll
0x00007ffab68d0000 - 0x00007ffab69a7000 	C:\Windows\System32\OLEAUT32.dll
0x00007ffaa0450000 - 0x00007ffaa0482000 	C:\Windows\SYSTEM32\dbgcore.DLL
0x00007ffab5030000 - 0x00007ffab50ab000 	C:\Windows\System32\bcryptPrimitives.dll
0x00007ffa97140000 - 0x00007ffa97160000 	C:\stm\jre\bin\java.dll
0x00007ffab5690000 - 0x00007ffab5ef9000 	C:\Windows\System32\SHELL32.dll
0x00007ffab2b20000 - 0x00007ffab341f000 	C:\Windows\SYSTEM32\windows.storage.dll
0x00007ffab29e0000 - 0x00007ffab2b1f000 	C:\Windows\SYSTEM32\wintypes.dll
0x00007ffab5fc0000 - 0x00007ffab60b9000 	C:\Windows\System32\SHCORE.dll
0x00007ffab6ee0000 - 0x00007ffab6f3e000 	C:\Windows\System32\shlwapi.dll
0x00007ffab4b30000 - 0x00007ffab4b57000 	C:\Windows\SYSTEM32\profapi.dll
0x00007ffa34520000 - 0x00007ffa345f7000 	C:\stm\jre\bin\jsvml.dll
0x00007ffa979f0000 - 0x00007ffa97a00000 	C:\stm\jre\bin\net.dll
0x00007ffab17e0000 - 0x00007ffab1916000 	C:\Windows\SYSTEM32\WINHTTP.dll
0x00007ffab40c0000 - 0x00007ffab4129000 	C:\Windows\system32\mswsock.dll
0x00007ffa8e880000 - 0x00007ffa8e896000 	C:\stm\jre\bin\nio.dll
0x00007ffa8e6d0000 - 0x00007ffa8e6e8000 	C:\stm\jre\bin\zip.dll
0x00007ffa970e0000 - 0x00007ffa970ea000 	C:\stm\jre\bin\management.dll
0x00007ffa94b70000 - 0x00007ffa94b7c000 	C:\stm\jre\bin\management_ext.dll
0x00007ffab7620000 - 0x00007ffab7628000 	C:\Windows\System32\PSAPI.DLL
0x00007ffa7c0a0000 - 0x00007ffa7c0b7000 	C:\Windows\system32\napinsp.dll
0x00007ffa7c080000 - 0x00007ffa7c09b000 	C:\Windows\system32\pnrpnsp.dll
0x00007ffab36f0000 - 0x00007ffab37f2000 	C:\Windows\SYSTEM32\DNSAPI.dll
0x00007ffab3680000 - 0x00007ffab36ad000 	C:\Windows\SYSTEM32\IPHLPAPI.DLL
0x00007ffab64d0000 - 0x00007ffab64d9000 	C:\Windows\System32\NSI.dll
0x00007ffa7c010000 - 0x00007ffa7c021000 	C:\Windows\System32\winrnr.dll
0x00007ffa883b0000 - 0x00007ffa883c5000 	C:\Windows\system32\wshbth.dll
0x00007ffa7bfe0000 - 0x00007ffa7c007000 	C:\Windows\system32\nlansp_c.dll
0x00007ffab0910000 - 0x00007ffab091a000 	C:\Windows\System32\rasadhlp.dll
0x00007ffab1370000 - 0x00007ffab13f3000 	C:\Windows\System32\fwpuclnt.dll
0x00007ffa34390000 - 0x00007ffa3451f000 	C:\stm\jre\bin\awt.dll
0x00007ffab0200000 - 0x00007ffab0297000 	C:\Windows\SYSTEM32\apphelp.dll
0x00007ffab4310000 - 0x00007ffab432b000 	C:\Windows\SYSTEM32\CRYPTSP.dll
0x00007ffab3b80000 - 0x00007ffab3bb5000 	C:\Windows\system32\rsaenh.dll
0x00007ffab41b0000 - 0x00007ffab41d8000 	C:\Windows\SYSTEM32\USERENV.dll
0x00007ffab4330000 - 0x00007ffab433c000 	C:\Windows\SYSTEM32\CRYPTBASE.dll
0x00007ffab2080000 - 0x00007ffab2131000 	C:\Windows\system32\uxtheme.dll
0x00007ffab61c0000 - 0x00007ffab6320000 	C:\Windows\System32\MSCTF.dll
0x00007ffab6590000 - 0x00007ffab6735000 	C:\Windows\System32\ole32.dll
0x00007ffab2320000 - 0x00007ffab234b000 	C:\Windows\system32\DWMAPI.DLL
0x00007ffa81ba0000 - 0x00007ffa81ca0000 	C:\Windows\system32\opengl32.dll
0x00007ffa88570000 - 0x00007ffa8859d000 	C:\Windows\SYSTEM32\GLU32.dll
0x00007ffab22d0000 - 0x00007ffab2307000 	C:\Windows\SYSTEM32\dxcore.dll
0x00007ffa473d0000 - 0x00007ffa47457000 	C:\stm\jre\bin\freetype.dll
0x00007ffa34290000 - 0x00007ffa34382000 	C:\stm\jre\bin\fontmanager.dll
0x00007ffa92fe0000 - 0x00007ffa92ff0000 	C:\stm\jre\bin\verify.dll
0x00007ffa92dd0000 - 0x00007ffa92dd9000 	C:\stm\jre\bin\prefs.dll
0x00007ffa76f10000 - 0x00007ffa76f51000 	C:\Users\ºî¾üÇÙ\AppData\Local\Temp\jna-20280808\jna7077338965207686914.dll
0x00007ffa8f8f0000 - 0x00007ffa8f8fe000 	C:\stm\jre\bin\sunmscapi.dll
0x00007ffab54b0000 - 0x00007ffab5616000 	C:\Windows\System32\CRYPT32.dll
0x00007ffab4540000 - 0x00007ffab456d000 	C:\Windows\SYSTEM32\ncrypt.dll
0x00007ffab4500000 - 0x00007ffab4537000 	C:\Windows\SYSTEM32\NTASN1.dll
0x00007ffab4370000 - 0x00007ffab4382000 	C:\Windows\SYSTEM32\MSASN1.dll
0x00007ffab4150000 - 0x00007ffab4176000 	C:\Windows\SYSTEM32\gpapi.dll
0x00007ffa8ea30000 - 0x00007ffa8ea39000 	C:\stm\jre\bin\extnet.dll
0x00007ffa6aa30000 - 0x00007ffa6aa5f000 	C:\stm\jre\bin\javajpeg.dll
0x00007ffab6820000 - 0x00007ffab68d0000 	C:\Windows\System32\clbcatq.dll
0x00007ffab1e10000 - 0x00007ffab1fc1000 	C:\Windows\SYSTEM32\WindowsCodecs.dll
0x00007ffa7e5f0000 - 0x00007ffa7e64e000 	C:\Windows\system32\dataexchange.dll
0x00007ffaab930000 - 0x00007ffaabbd2000 	C:\Windows\system32\twinapi.appcore.dll
0x00007ffaa7ae0000 - 0x00007ffaa7c23000 	C:\Windows\SYSTEM32\textinputframework.dll
0x00007ffa47480000 - 0x00007ffa475a6000 	C:\Users\ºî¾üÇÙ\.stm32cubemx\.jxbrowser-8.15.0\Chromium\toolkit64.dll
0x00007ffa33fb0000 - 0x00007ffa340ce000 	C:\Users\ºî¾üÇÙ\.stm32cubemx\.jxbrowser-8.15.0\Chromium\ipc64.dll

JVMTI agents: none

dbghelp: loaded successfully - version: 4.0.5 - missing functions: none
symbol engine: initialized successfully - sym options: 0x614 - pdb path: .;C:\stm\jre\bin;C:\Windows\SYSTEM32;C:\Windows\WinSxS\amd64_microsoft.windows.common-controls_6595b64144ccf1df_6.0.22621.3672_none_2713b9d173822955;C:\stm\jre\bin\server;C:\Users\ºî¾üÇÙ\AppData\Local\Temp\jna-20280;C:\Users\ºî¾üÇÙ\AppData\Local\Temp\jna-20;C:\Users\ºî¾üÇÙ\AppData\Local\Temp\jna;C:\Users\ºî¾üÇÙ\AppData\Local\Temp\;C:\Users\ºî¾üÇÙ\AppData\Local\Temp\jna-20280808;C:\Users\ºî¾üÇÙ\.stm32cubemx\.jxbrows;C:\Users\ºî¾üÇÙ\.stm32cubemx\.jxbr

VM Arguments:
jvm_args: -Djavax.net.ssl.trustStoreType=WINDOWS-ROOT -Dsun.java2d.d3d=false --add-exports=java.desktop/sun.awt=ALL-UNNAMED --add-opens=java.desktop/java.awt=ALL-UNNAMED -Dfile.encoding=UTF8 
java_command: com.st.microxplorer.maingui.STM32CubeMX \\wsl.localhost\Ubuntu-24.04\home\gftgf\unmanned-drown\f01_flight\f01_flight.ioc
java_class_path (initial): C:\stm\STM32CubeMX.exe;anything
Launcher Type: SUN_STANDARD

[Global flags]
     intx CICompilerCount                          = 4                                         {product} {ergonomic}
     uint ConcGCThreads                            = 2                                         {product} {ergonomic}
     uint G1ConcRefinementThreads                  = 8                                         {product} {ergonomic}
   size_t G1HeapRegionSize                         = 2097152                                   {product} {ergonomic}
    uintx GCDrainStackTargetSize                   = 64                                        {product} {ergonomic}
   size_t InitialHeapSize                          = 266338304                                 {product} {ergonomic}
   size_t MarkStackSize                            = 4194304                                   {product} {ergonomic}
   size_t MaxHeapSize                              = 4238344192                                {product} {ergonomic}
   size_t MaxNewSize                               = 2541748224                                {product} {ergonomic}
   size_t MinHeapDeltaBytes                        = 2097152                                   {product} {ergonomic}
   size_t MinHeapSize                              = 8388608                                   {product} {ergonomic}
    uintx NonNMethodCodeHeapSize                   = 5839372                                {pd product} {ergonomic}
    uintx NonProfiledCodeHeapSize                  = 122909434                              {pd product} {ergonomic}
    uintx ProfiledCodeHeapSize                     = 122909434                              {pd product} {ergonomic}
    uintx ReservedCodeCacheSize                    = 251658240                              {pd product} {ergonomic}
     bool SegmentedCodeCache                       = true                                      {product} {ergonomic}
   size_t SoftMaxHeapSize                          = 4238344192                             {manageable} {ergonomic}
     bool UseCompressedOops                        = true                           {product lp64_product} {ergonomic}
     bool UseG1GC                                  = true                                      {product} {ergonomic}
     bool UseLargePagesIndividualAllocation        = false                                  {pd product} {ergonomic}

Logging:
Log output configuration:
 #0: stdout all=warning uptime,level,tags foldmultilines=false
 #1: stderr all=off uptime,level,tags foldmultilines=false

Release file:
JAVA_VERSION="21.0.9" 
MODULES="java.base java.compiler java.datatransfer java.xml java.prefs java.desktop java.instrument java.logging java.management java.security.sasl java.naming java.rmi java.management.rmi java.net.http java.scripting java.security.jgss java.transaction.xa java.sql java.sql.rowset java.xml.crypto java.se java.smartcardio jdk.jfr javafx.base jdk.unsupported javafx.graphics javafx.controls javafx.fxml javafx.media jdk.unsupported.desktop javafx.swing jdk.jsobject jdk.xml.dom javafx.web jdk.accessibility jdk.internal.jvmstat jdk.attach jdk.charsets jdk.internal.opt jdk.zipfs jdk.compiler jdk.crypto.ec jdk.crypto.cryptoki jdk.crypto.mscapi jdk.dynalink jdk.internal.ed jdk.editpad jdk.httpserver jdk.incubator.vector jdk.internal.le jdk.internal.vm.ci jdk.internal.vm.compiler jdk.internal.vm.compiler.management jdk.jartool jdk.javadoc jdk.jdeps jdk.jdwp.agent jdk.jdi jdk.jlink jdk.jpackage jdk.jshell jdk.jstatd jdk.localedata jdk.management jdk.management.agent jdk.management.jfr jdk.naming.dns jdk.naming.rmi jdk.net jdk.nio.mapmode jdk.random jdk.sctp jdk.security.auth jdk.security.jgss" 

Environment Variables:
PATH=C:\stm\;D:\BaiduNetdiskDownload\bin;D:\360downloads\mingw64\bin;C:\Program Files\Common Files\Oracle\Java\javapath;C:\Program Files (x86)\Common Files\Oracle\Java\java8path;C:\Program Files (x86)\Common Files\Oracle\Java\javapath;C:\Windows\System32\HWAudioDriverLibs;C:\Windows\system32;C:\Windows;C:\Windows\System32\Wbem;C:\Windows\System32\WindowsPowerShell\v1.0\;C:\Windows\System32\OpenSSH\;C:\Users\Administrator\AppData\Local\Microsoft\WindowsApps;C:\Program Files (x86)\NVIDIA Corporation\PhysX\Common;C:\Program Files\Java\jdk-24\bin;C:\Program Files\usbipd-win\;C:\Users\ºî¾üÇÙ\.local\stm32cube\bin;C:\Users\ºî¾üÇÙ\AppData\Local\Programs\Python\Python311\Scripts\;C:\Users\ºî¾üÇÙ\AppData\Local\Programs\Python\Python311\;D:\PYTHON\Scripts\;D:\PYTHON\;%USERPROFILE%\AppData\Local\Microsoft\WindowsApps;;%IntelliJ IDEA%;%PyCharm Community Edition%;C:\Users\ºî¾üÇÙ\AppData\Local\Programs\Microsoft VS Code\bin;C:\stm\.\jre\\bin
USERNAME=ºî¾üÇÙ
OS=Windows_NT
PROCESSOR_IDENTIFIER=Intel64 Family 6 Model 140 Stepping 2, GenuineIntel
TMP=C:\Users\ºî¾üÇÙ\AppData\Local\Temp
TEMP=C:\Users\ºî¾üÇÙ\AppData\Local\Temp




Periodic native trim disabled

---------------  S Y S T E M  ---------------

OS:
 Windows 11 , 64 bit Build 22621 (10.0.22621.3958)
OS uptime: 0 days 9:13 hours
Hyper-V role detected

CPU: total 8 (initial active 8) (4 cores per cpu, 2 threads per core) family 6 model 140 stepping 2 microcode 0x16, cx8, cmov, fxsr, ht, mmx, 3dnowpref, sse, sse2, sse3, ssse3, sse4.1, sse4.2, popcnt, lzcnt, tsc, tscinvbit, avx, avx2, aes, erms, clmul, bmi1, bmi2, adx, avx512f, avx512dq, avx512cd, avx512bw, avx512vl, sha, fma, vzeroupper, avx512_vpopcntdq, avx512_vpclmulqdq, avx512_vaes, avx512_vnni, clflush, clflushopt, clwb, avx512_vbmi2, avx512_vbmi, hv, rdtscp, rdpid, fsrm, gfni, avx512_bitalg, f16c, cet_ibt, cet_ss, avx512_ifma
Processor Information for the first 8 processors :
  Max Mhz: 2496, Current Mhz: 2496, Mhz Limit: 2496

Memory: 4k page, system-wide physical 16167M (3244M free)
TotalPageFile size 16167M (AvailPageFile size 11M)
current process WorkingSet (physical memory assigned to process): 333M, peak: 335M
current process commit charge ("private bytes"): 371M, peak: 393M

vm_info: OpenJDK 64-Bit Server VM (21.0.9+10-LTS) for windows-amd64 JRE (21.0.9+10-LTS), built on 2025-10-21T00:00:00Z by "admin" with unknown MS VC++:1942

END.
